// Jest Snapshot v1, https://goo.gl/fbAQLP

exports[`wallaby should show the snapshot 1`] = `"1"`;
